// Jest Snapshot v1, https://goo.gl/fbAQLP

exports[`@components/AppText should match snapshots 1`] = `
<Text
  style={
    [
      {
        "fontFamily": "Poppins-Medium",
        "fontSize": 12,
      },
      {
        "color": "#000",
      },
      undefined,
    ]
  }
>
  Files
</Text>
`;
